-f
-f
-t
--
-s
-f
-i
-p
-p
--
-d
-f
--
-s
-s
-s
-m
-s
-o
--
-f
-f
-f
-f
-f
-f
-f
-f
-s
-v
-a
--
-b
-c
-a
-b
-b
-p
-c
-t
-s
--
-c
--
-d
-d
-v
--
-d
-i
-e
-t
-s
-t
-t
-f
-i
--
-e
-f
-l
-g
-g
-p
--
-h
-h
-i
-f
-i
-f
--
-l
-l
--
-l
-p
--
-b
--
-n
-n
-d
-d
--
-u
-l
-n
-p
--
-p
-o
-p
-p
-n
-o
--
-o
-f
-p
-f
-p
-f
-f
-d
-n
-o
-p
--
-r
-r
-i
--
-t
-s
-n
-o
--
-s
--
-t
-l
-o
--
-v
--
-a
--
-f
-s
-o
-f
-s
-f
--
-i
-l
-f
-i
-f
--
-l
--
-v
--
-p
-t
--
-p
-e
-d
--
-i
--
-s
-s
--
-e
-s
-e
--
-i
-i
--
-s
-s
--
-s
-z
-i
--
-s
-l
-l
--
-p
--
-i
-l
--
-d
--
-p
--
-p
--
-t
-w
-w
--
-b
--
-p
--
-p
--
-s
--
-f
--
-d
--
-d
--
-o
--
-a
-a
--
-c
--
-m
--
-c
-c
--
-z
--
-a
--
-c
--
-s
--
-p
--
-t
--
-r
-i
-t
--
-h
-h
--
-a
--
-w
--
-l
-l
--
-l
-l
-l
-l
--
-w
-f
--
-j
--
-s
--
-i
--
-i
--
-d
--
-s
--
-l
-l
--
-c
--
-a
--
-a
--
-f
--
-z
-f
-z
-n
--
-f
-f
-z
-n
--
-t
--
-i
--
-d
-i
-l
--
-i
--
-p
--
-g
-p
-f
--
-v
--
-f
-i
--
-i
--
-l
--
-l
-t
-p
--
-f
--
-e
-w
--
-f
--
-t
--
-p
--
-f
-f
-i
-i
--
-l
-l
-w
--
-p
-l
--
-t
-d
--
-g
-v
--
-b
--
-f
