102
PID:COMMAND
1:/usr/lib/systemd/systemd
2:[kthreadd]
3:[rcu_gp]
4:[rcu_par_gp]
6:[kworker/0:0H-kblockd]
8:[mm_percpu_wq]
9:[ksoftirqd/0]
10:[rcu_sched]
11:[migration/0]
12:[watchdog/0]
13:[cpuhp/0]
15:[kdevtmpfs]
16:[netns]
17:[kauditd]
18:[khungtaskd]
19:[oom_reaper]
20:[writeback]
21:[kcompactd0]
22:[ksmd]
23:[khugepaged]
24:[crypto]
25:[kintegrityd]
26:[kblockd]
27:[tpm_dev_wq]
28:[md]
29:[edac-poller]
30:[watchdogd]
33:[kworker/u2:1-flush-253:2]
47:[kswapd0]
140:[kthrotld]
141:[acpi_thermal_pm]
142:[kmpath_rdacd]
143:[kaluad]
144:[ipv6_addrconf]
146:[kstrp]
264:[kworker/0:3-xfs-conv/dm-2]
440:[ata_sff]
441:[scsi_eh_0]
442:[scsi_tmf_0]
443:[scsi_eh_1]
444:[scsi_tmf_1]
447:[scsi_eh_2]
448:[scsi_tmf_2]
455:[kworker/0:1H-kblockd]
513:[kdmflush]
521:[kdmflush]
559:[jbd2/dm-0-8]
560:[ext4-rsv-conver]
650:/usr/lib/systemd/systemd-journald
676:/usr/lib/systemd/systemd-udevd
728:[irq/18-vmwgfx]
729:[ttm_swap]
730:[kdmflush]
756:[jbd2/sda1-8]
757:[ext4-rsv-conver]
768:[xfsalloc]
769:[xfs_mru_cache]
770:[xfs-buf/dm-2]
771:[xfs-conv/dm-2]
772:[xfs-cil/dm-2]
773:[xfs-reclaim/dm-]
774:[xfs-log/dm-2]
775:[xfs-eofblocks/d]
776:[xfsaild/dm-2]
797:/usr/bin/rpcbind
800:/sbin/auditd
811:[rpciod]
813:[kworker/u3:0]
814:[xprtiod]
828:/usr/bin/lsmd
830:/usr/lib/polkit-1/polkitd
831:avahi-daemon:
832:/usr/bin/dbus-daemon
833:/usr/sbin/ModemManager
836:/usr/sbin/sssd
838:/usr/sbin/smartd
841:/usr/sbin/mcelog
845:/usr/sbin/gssproxy
846:/sbin/rngd
847:avahi-daemon:
863:/usr/libexec/sssd/sssd_be
866:/usr/libexec/platform-python
867:/usr/libexec/sssd/sssd_nss
868:/usr/lib/systemd/systemd-logind
885:/usr/sbin/NetworkManager
894:/usr/sbin/sshd
895:/usr/libexec/platform-python
1117:/usr/sbin/crond
1119:/usr/sbin/atd
1548:login
1561:[kworker/u2:0-flush-253:0]
1566:/usr/lib/systemd/systemd
1571:(sd-pam)
1577:-bash
1723:[kworker/0:0-ata_sff]
1745:[kworker/0:1-ata_sff]
1765:[kworker/u2:2-events_unbound]
1795:/bin/bash
1799:ps
1800:awk
