ProcessID = 1 : ParentProcessId = 0 : Average_runing_time = 0.351912
ProcessID = 2 : ParentProcessId = 0 : Average_runing_time = 0.021968
Average_Sleeping_Children_of_Parent = 0 is 0.37388
ProcessID = 1141 : ParentProcessId = 1 : Average_runing_time = 0.333278
ProcessID = 1142 : ParentProcessId = 1 : Average_runing_time = 0.326629
ProcessID = 1143 : ParentProcessId = 1 : Average_runing_time = 0.300729
ProcessID = 1434 : ParentProcessId = 1 : Average_runing_time = 0.770795
ProcessID = 673 : ParentProcessId = 1 : Average_runing_time = 0.513921
ProcessID = 699 : ParentProcessId = 1 : Average_runing_time = 0.470987
ProcessID = 820 : ParentProcessId = 1 : Average_runing_time = 0.0653041
ProcessID = 823 : ParentProcessId = 1 : Average_runing_time = 0.0305123
ProcessID = 852 : ParentProcessId = 1 : Average_runing_time = 0.0736501
ProcessID = 853 : ParentProcessId = 1 : Average_runing_time = 0.0309773
ProcessID = 854 : ParentProcessId = 1 : Average_runing_time = 0.0578287
ProcessID = 855 : ParentProcessId = 1 : Average_runing_time = 0.254288
ProcessID = 856 : ParentProcessId = 1 : Average_runing_time = 0.19759
ProcessID = 857 : ParentProcessId = 1 : Average_runing_time = 0.149419
ProcessID = 861 : ParentProcessId = 1 : Average_runing_time = 0.0645115
ProcessID = 862 : ParentProcessId = 1 : Average_runing_time = 0.131911
ProcessID = 865 : ParentProcessId = 1 : Average_runing_time = 0.162949
ProcessID = 874 : ParentProcessId = 1 : Average_runing_time = 0.0164672
ProcessID = 890 : ParentProcessId = 1 : Average_runing_time = 0.480737
ProcessID = 891 : ParentProcessId = 1 : Average_runing_time = 0.574087
ProcessID = 908 : ParentProcessId = 1 : Average_runing_time = 0.224759
ProcessID = 917 : ParentProcessId = 1 : Average_runing_time = 0.161562
ProcessID = 920 : ParentProcessId = 1 : Average_runing_time = 0.464642
Average_Sleeping_Children_of_Parent = 1 is 5.85753
ProcessID = 10 : ParentProcessId = 2 : Average_runing_time = 0.00049053
ProcessID = 11496 : ParentProcessId = 2 : Average_runing_time = 0.0424109
ProcessID = 11542 : ParentProcessId = 2 : Average_runing_time = 0.0451049
ProcessID = 11 : ParentProcessId = 2 : Average_runing_time = 0.0005238
ProcessID = 12 : ParentProcessId = 2 : Average_runing_time = 0.00124097
ProcessID = 13 : ParentProcessId = 2 : Average_runing_time = 0.00489393
ProcessID = 140 : ParentProcessId = 2 : Average_runing_time = 0
ProcessID = 141 : ParentProcessId = 2 : Average_runing_time = 0.000682
ProcessID = 142 : ParentProcessId = 2 : Average_runing_time = 0.000793
ProcessID = 143 : ParentProcessId = 2 : Average_runing_time = 0.000225
ProcessID = 144 : ParentProcessId = 2 : Average_runing_time = 0
ProcessID = 146 : ParentProcessId = 2 : Average_runing_time = 0
ProcessID = 15 : ParentProcessId = 2 : Average_runing_time = 0.00656468
ProcessID = 16 : ParentProcessId = 2 : Average_runing_time = 0
ProcessID = 17 : ParentProcessId = 2 : Average_runing_time = 0.0231439
ProcessID = 18 : ParentProcessId = 2 : Average_runing_time = 0.0254232
ProcessID = 19 : ParentProcessId = 2 : Average_runing_time = 0.000631
ProcessID = 20 : ParentProcessId = 2 : Average_runing_time = 0.0007735
ProcessID = 21 : ParentProcessId = 2 : Average_runing_time = 0.0006205
ProcessID = 22 : ParentProcessId = 2 : Average_runing_time = 0.000883
ProcessID = 23 : ParentProcessId = 2 : Average_runing_time = 0.0459448
ProcessID = 24 : ParentProcessId = 2 : Average_runing_time = 0.00068
ProcessID = 25 : ParentProcessId = 2 : Average_runing_time = 0.000643
ProcessID = 26 : ParentProcessId = 2 : Average_runing_time = 0.0022295
ProcessID = 27 : ParentProcessId = 2 : Average_runing_time = 0.000352
ProcessID = 28 : ParentProcessId = 2 : Average_runing_time = 0
ProcessID = 29 : ParentProcessId = 2 : Average_runing_time = 0
ProcessID = 30 : ParentProcessId = 2 : Average_runing_time = 0
ProcessID = 33 : ParentProcessId = 2 : Average_runing_time = 0.00702084
ProcessID = 3 : ParentProcessId = 2 : Average_runing_time = 0
ProcessID = 462 : ParentProcessId = 2 : Average_runing_time = 0.0014875
ProcessID = 463 : ParentProcessId = 2 : Average_runing_time = 2.93402
ProcessID = 464 : ParentProcessId = 2 : Average_runing_time = 0.0011675
ProcessID = 465 : ParentProcessId = 2 : Average_runing_time = 0.120188
ProcessID = 466 : ParentProcessId = 2 : Average_runing_time = 0.000764
ProcessID = 467 : ParentProcessId = 2 : Average_runing_time = 0.0066873
ProcessID = 470 : ParentProcessId = 2 : Average_runing_time = 0.118965
ProcessID = 471 : ParentProcessId = 2 : Average_runing_time = 0.0013485
ProcessID = 477 : ParentProcessId = 2 : Average_runing_time = 0.0131111
ProcessID = 47 : ParentProcessId = 2 : Average_runing_time = 0.00115733
ProcessID = 4 : ParentProcessId = 2 : Average_runing_time = 0
ProcessID = 535 : ParentProcessId = 2 : Average_runing_time = 0.0009015
ProcessID = 544 : ParentProcessId = 2 : Average_runing_time = 0.0009395
ProcessID = 582 : ParentProcessId = 2 : Average_runing_time = 0.0433447
ProcessID = 583 : ParentProcessId = 2 : Average_runing_time = 0.001077
ProcessID = 6 : ParentProcessId = 2 : Average_runing_time = 0.00361414
ProcessID = 7094 : ParentProcessId = 2 : Average_runing_time = 0.0476126
ProcessID = 751 : ParentProcessId = 2 : Average_runing_time = 0.000583055
ProcessID = 752 : ParentProcessId = 2 : Average_runing_time = 0.001398
ProcessID = 755 : ParentProcessId = 2 : Average_runing_time = 0.0025435
ProcessID = 779 : ParentProcessId = 2 : Average_runing_time = 0.0165062
ProcessID = 780 : ParentProcessId = 2 : Average_runing_time = 0.0008275
ProcessID = 791 : ParentProcessId = 2 : Average_runing_time = 0.001848
ProcessID = 792 : ParentProcessId = 2 : Average_runing_time = 0.0018695
ProcessID = 793 : ParentProcessId = 2 : Average_runing_time = 0.0011925
ProcessID = 794 : ParentProcessId = 2 : Average_runing_time = 0.0012705
ProcessID = 795 : ParentProcessId = 2 : Average_runing_time = 0.0007295
ProcessID = 796 : ParentProcessId = 2 : Average_runing_time = 0.0006945
ProcessID = 797 : ParentProcessId = 2 : Average_runing_time = 0.000713
ProcessID = 798 : ParentProcessId = 2 : Average_runing_time = 0.0007795
ProcessID = 799 : ParentProcessId = 2 : Average_runing_time = 0.00517684
ProcessID = 835 : ParentProcessId = 2 : Average_runing_time = 0.0015885
ProcessID = 836 : ParentProcessId = 2 : Average_runing_time = 0.001192
ProcessID = 837 : ParentProcessId = 2 : Average_runing_time = 0.001931
ProcessID = 8 : ParentProcessId = 2 : Average_runing_time = 0
ProcessID = 9 : ParentProcessId = 2 : Average_runing_time = 0.00534046
Average_Sleeping_Children_of_Parent = 2 is 3.55384
ProcessID = 875 : ParentProcessId = 852 : Average_runing_time = 0.0395883
Average_Sleeping_Children_of_Parent = 852 is 0.0395883
ProcessID = 883 : ParentProcessId = 854 : Average_runing_time = 0.0476223
ProcessID = 888 : ParentProcessId = 854 : Average_runing_time = 0.044921
Average_Sleeping_Children_of_Parent = 854 is 0.0925433
ProcessID = 1445 : ParentProcessId = 1143 : Average_runing_time = 0.195221
Average_Sleeping_Children_of_Parent = 1143 is 0.195221
ProcessID = 1439 : ParentProcessId = 1434 : Average_runing_time = 0.066454
Average_Sleeping_Children_of_Parent = 1434 is 0.066454
ProcessID = 11543 : ParentProcessId = 1445 : Average_runing_time = 0.22856
ProcessID = 1556 : ParentProcessId = 1445 : Average_runing_time = 1.09528
ProcessID = 1557 : ParentProcessId = 1445 : Average_runing_time = 0.936288
